------------------------------------------------------------
Timing Analyzer Summary
------------------------------------------------------------

Type  : Slow 1100mV 85C Model Setup 'CLOCK_50'
Slack : -2.178
TNS   : -80.771

Type  : Slow 1100mV 85C Model Hold 'CLOCK_50'
Slack : 0.335
TNS   : 0.000

Type  : Slow 1100mV 85C Model Minimum Pulse Width 'CLOCK_50'
Slack : -0.394
TNS   : -21.654

Type  : Slow 1100mV 0C Model Setup 'CLOCK_50'
Slack : -2.130
TNS   : -78.238

Type  : Slow 1100mV 0C Model Hold 'CLOCK_50'
Slack : 0.312
TNS   : 0.000

Type  : Slow 1100mV 0C Model Minimum Pulse Width 'CLOCK_50'
Slack : -0.394
TNS   : -23.113

Type  : Fast 1100mV 85C Model Setup 'CLOCK_50'
Slack : -0.833
TNS   : -27.753

Type  : Fast 1100mV 85C Model Hold 'CLOCK_50'
Slack : 0.178
TNS   : 0.000

Type  : Fast 1100mV 85C Model Minimum Pulse Width 'CLOCK_50'
Slack : -0.088
TNS   : -3.543

Type  : Fast 1100mV 0C Model Setup 'CLOCK_50'
Slack : -0.686
TNS   : -22.387

Type  : Fast 1100mV 0C Model Hold 'CLOCK_50'
Slack : 0.170
TNS   : 0.000

Type  : Fast 1100mV 0C Model Minimum Pulse Width 'CLOCK_50'
Slack : -0.086
TNS   : -3.469

------------------------------------------------------------
